
-----------------------------------------------------------------------------

                     PORTFOLIO OPTIMIZATION RESULTS LOG                      

-----------------------------------------------------------------------------

Tickers: ['AAPL', 'MSFT', 'JNJ', 'XOM', 'JPM', 'SPY', 'QQQ', 'IWM', 'XLV', 'XLF', 'TLT', 'LQD', 'GLD', 'USO', 'EFA']

Config:
    'LOOKBACK_WINDOW': 30,
    'FORECAST_WINDOW': 7,
    'DYNAMIC_PO': true,
    'DPO_INTERVAL': 30,
    'SHORT_SELLING': true,
    'CLAMP_NEGATIVES': true,
    'CV_SPLITS': 3,
    'VERBOSE': 0,
    'SEED': 68,
    'DEBUG': false


-----------------------------------------------------------------------------
Quantum Deterministic Policy Gradient (Stacked Angle Encoding)
-----------------------------------------------------------------------------

Execution time: 19 minutes and 7.02 seconds

Results:
    
Average Profit p.a. (SPO):	22.7157 % (std: 23.3678, min: 5.0587, max: 51.7943)
Average Sharpe Ratio (SPO):	0.8481 (std: 0.8138, min: 0.0279, max: 1.6555)

Average Profit p.a. (DPO):	29.5691 % (std: 6.4915, min: 21.2068, max: 34.1899)
Average Sharpe Ratio (DPO):	0.7688 (std: 0.1190, min: 0.6791, max: 0.9170)


-----------------------------------------------------------------------------
Quantum Deterministic Policy Gradient
-----------------------------------------------------------------------------

Execution time: 6 minutes and 2.01 seconds

Results:
    
Average Profit p.a. (SPO):	8.7244 % (std: 7.1830, min: 2.0379, max: 16.4039)
Average Sharpe Ratio (SPO):	0.2410 (std: 0.3839, min: -0.0904, max: 0.6774)

Average Profit p.a. (DPO):	11.0923 % (std: 11.0512, min: 0.4426, max: 22.5449)
Average Sharpe Ratio (DPO):	0.1295 (std: 0.2977, min: -0.2090, max: 0.3864)


-----------------------------------------------------------------------------
Naive Baseline: Equal Weights Model
-----------------------------------------------------------------------------

Execution time: 0 seconds

Results:

Average Profit p.a. (SPO):	11.5186 % (std: 5.7734, min: 4.6392, max: 16.1861)
Average Sharpe Ratio (SPO):	0.5844 (std: 0.4498, min: 0.0172, max: 0.9168)


-----------------------------------------------------------------------------
Mean-Variance Optimization
-----------------------------------------------------------------------------

Execution time: 1.31 seconds

Results:
    
Average Profit p.a. (SPO):	15.2244 % (std: 10.4154, min: 8.2461, max: 29.0769)
Average Sharpe Ratio (SPO):	0.4590 (std: 0.4481, min: 0.1132, max: 1.0095)

Average Profit p.a. (DPO):	17.0625 % (std: 7.4960, min: 10.3702, max: 25.3622)
Average Sharpe Ratio (DPO):	0.5926 (std: 0.3572, min: 0.1908, max: 0.9051)


-----------------------------------------------------------------------------
Deep Deterministic Policy Gradient
-----------------------------------------------------------------------------

Execution time: 2 minutes and 14.46 seconds

Results:
    
Average Profit p.a. (SPO):	0.8186 % (std: 12.6730, min: -9.5451, max: 15.8010)
Average Sharpe Ratio (SPO):	-0.0347 (std: 0.5771, min: -0.4801, max: 0.6741)

Average Profit p.a. (DPO):	0.9436 % (std: 12.7149, min: -9.5791, max: 15.8507)
Average Sharpe Ratio (DPO):	-0.0334 (std: 0.5780, min: -0.4858, max: 0.6703)


-----------------------------------------------------------------------------
Deep Q-Learning
-----------------------------------------------------------------------------

Execution time: 36.36 seconds

Results:
    
Average Profit p.a. (SPO):	13.4950 % (std: 8.4346, min: 4.1556, max: 21.0248)
Average Sharpe Ratio (SPO):	0.5281 (std: 0.4255, min: -0.0043, max: 0.8467)

Average Profit p.a. (DPO):	15.1660 % (std: 8.5464, min: 4.0676, max: 21.1604)
Average Sharpe Ratio (DPO):	0.3811 (std: 0.3883, min: -0.0077, max: 0.7689)


-----------------------------------------------------------------------------
Quantum Q-Learning
-----------------------------------------------------------------------------

