
-----------------------------------------------------------------------------

                     PORTFOLIO OPTIMIZATION RESULTS LOG                      

-----------------------------------------------------------------------------

Tickers: ['AAPL', 'MSFT', 'JNJ', 'XOM', 'JPM', 'SPY', 'QQQ', 'IWM', 'XLV', 'XLF', 'TLT', 'LQD', 'GLD', 'USO', 'EFA']

Config:
    'LOOKBACK_WINDOW': 30,
    'FORECAST_WINDOW': 7,
    'DYNAMIC_PO': true,
    'DPO_INTERVAL': 30,
    'SHORT_SELLING': true,
    'CLAMP_NEGATIVES': true,
    'CV_SPLITS': 7,
    'VERBOSE': 0,
    'SEED': 68,
    'DEBUG': false


-----------------------------------------------------------------------------
Naive Baseline: Equal Weights Model
-----------------------------------------------------------------------------

Execution time: 0.05 seconds

Results:

Average Profit p.a. (SPO):	10.0269 % (std: 8.2797, min: 0.0412, max: 16.3260)
Average Sharpe Ratio (SPO):	0.4570 (std: 0.5760, min: -0.3154, max: 1.4520)


-----------------------------------------------------------------------------
Mean-Variance Optimization
-----------------------------------------------------------------------------

Execution time: 4.46 seconds

Results:
    
Average Profit p.a. (SPO):	22.6841 % (std: 24.2728, min: -23.7032, max: 67.5641)
Average Sharpe Ratio (SPO):	0.5575 (std: 0.4074, min: -1.0736, max: 1.6669)

Average Profit p.a. (DPO):	21.1784 % (std: 17.8620, min: -14.0273, max: 65.3100)
Average Sharpe Ratio (DPO):	0.5033 (std: 0.4457, min: -0.8258, max: 1.4436)


-----------------------------------------------------------------------------
Deep Deterministic Policy Gradient
-----------------------------------------------------------------------------

