
-----------------------------------------------------------------------------

                     PORTFOLIO OPTIMIZATION RESULTS LOG                      

-----------------------------------------------------------------------------

Tickers: ['AAPL', 'MSFT', 'JNJ', 'XOM', 'JPM', 'SPY', 'QQQ', 'IWM', 'XLV', 'XLF', 'TLT', 'LQD', 'GLD', 'USO', 'EFA']

Config:
    'LOOKBACK_WINDOW': 30,
    'FORECAST_WINDOW': 7,
    'DYNAMIC_PO': true,
    'DPO_INTERVAL': 30,
    'SHORT_SELLING': true,
    'CLAMP_NEGATIVES': true,
    'CV_SPLITS': 3,
    'VERBOSE': 0,
    'SEED': 68,
    'DEBUG': false


-----------------------------------------------------------------------------
Quantum Deterministic Policy Gradient (Angle Encoding + PCA)
-----------------------------------------------------------------------------

Execution time: 7 minutes and 10.8 seconds

Results:
    
Average Profit p.a. (SPO):	20.7325 % (std: 7.9129, min: 13.0641, max: 28.8899)
Average Sharpe Ratio (SPO):	0.8359 (std: 0.4672, min: 0.4621, max: 1.3966)

Average Profit p.a. (DPO):	11.7146 % (std: 10.1776, min: 2.6014, max: 22.9566)
Average Sharpe Ratio (DPO):	0.2922 (std: 0.3870, min: -0.1023, max: 0.6717)


-----------------------------------------------------------------------------
Quantum Deterministic Policy Gradient
-----------------------------------------------------------------------------

Execution time: 52 minutes and 19.59 seconds

Results:
    
Average Profit p.a. (SPO):	nan % (std: nan, min: nan, max: nan)
Average Sharpe Ratio (SPO):	nan (std: nan, min: nan, max: nan)

Average Profit p.a. (DPO):	nan % (std: nan, min: nan, max: nan)
Average Sharpe Ratio (DPO):	nan (std: nan, min: nan, max: nan)


-----------------------------------------------------------------------------
Naive Baseline: Equal Weights Model
-----------------------------------------------------------------------------

Execution time: 0 seconds

Results:

Average Profit p.a. (SPO):	11.5186 % (std: 5.7734, min: 4.6392, max: 16.1861)
Average Sharpe Ratio (SPO):	0.5844 (std: 0.4498, min: 0.0172, max: 0.9168)


-----------------------------------------------------------------------------
Mean-Variance Optimization
-----------------------------------------------------------------------------

Execution time: 0.66 seconds

Results:
    
Average Profit p.a. (SPO):	15.2244 % (std: 10.4154, min: 8.2461, max: 29.0769)
Average Sharpe Ratio (SPO):	0.4590 (std: 0.4481, min: 0.1132, max: 1.0095)

Average Profit p.a. (DPO):	17.0625 % (std: 7.4960, min: 10.3702, max: 25.3622)
Average Sharpe Ratio (DPO):	0.5926 (std: 0.3572, min: 0.1908, max: 0.9051)


-----------------------------------------------------------------------------
Deep Deterministic Policy Gradient
-----------------------------------------------------------------------------

Execution time: 11.56 seconds

Results:
    
Average Profit p.a. (SPO):	0.8186 % (std: 12.6730, min: -9.5451, max: 15.8010)
Average Sharpe Ratio (SPO):	-0.0347 (std: 0.5771, min: -0.4801, max: 0.6741)

Average Profit p.a. (DPO):	0.9436 % (std: 12.7149, min: -9.5791, max: 15.8507)
Average Sharpe Ratio (DPO):	-0.0334 (std: 0.5780, min: -0.4858, max: 0.6703)


-----------------------------------------------------------------------------
Deep Q-Learning
-----------------------------------------------------------------------------

Execution time: 32.51 seconds

Results:
    
Average Profit p.a. (SPO):	13.4950 % (std: 8.4346, min: 4.1556, max: 21.0248)
Average Sharpe Ratio (SPO):	0.5281 (std: 0.4255, min: -0.0043, max: 0.8467)

Average Profit p.a. (DPO):	15.1660 % (std: 8.5464, min: 4.0676, max: 21.1604)
Average Sharpe Ratio (DPO):	0.3811 (std: 0.3883, min: -0.0077, max: 0.7689)


-----------------------------------------------------------------------------
Quantum Q-Learning
-----------------------------------------------------------------------------

